
[Model Comparison] Training: logistic_regression
  AUROC=0.9428  F1=0.7941

[Model Comparison] Training: random_forest
  AUROC=1.0000  F1=0.9310

[Model Comparison] Training: lightgbm
  AUROC=1.0000  F1=0.9123

[Model Comparison] Training: xgboost
  AUROC=1.0000  F1=1.0000

[Model Comparison] Training: catboost
  AUROC=1.0000  F1=0.9836

[Model Comparison] Training: mlp
  AUROC=0.9143  F1=0.7419

Best model: random_forest (AUROC=1.0000)
Saved figure: outputs/figures/model_comparison_auroc.png

=== Model Comparison Results ===
         model_name    auroc    auprc       f1  balanced_accuracy
logistic_regression 0.942834 0.919603 0.794118           0.872193
      random_forest 1.000000 1.000000 0.931034           0.935484
           lightgbm 1.000000 1.000000 0.912281           0.919355
            xgboost 1.000000 1.000000 1.000000           1.000000
           catboost 1.000000 1.000000 0.983607           0.983871
                mlp 0.914251 0.844777 0.741935           0.820335

[Ablation] feature_set=E
  n=819 feat=384 AUROC=0.7112 F1=0.5417

[Ablation] feature_set=L
  n=819 feat=65 AUROC=0.7063 F1=0.5714

[Ablation] feature_set=F
  n=730 feat=38 AUROC=1.0000 F1=0.9310

[Ablation] feature_set=E_L
  n=819 feat=449 AUROC=0.7253 F1=0.5437

[Ablation] feature_set=E_F
  n=730 feat=422 AUROC=1.0000 F1=0.9123

[Ablation] feature_set=L_F
  n=730 feat=103 AUROC=1.0000 F1=0.9123

[Ablation] feature_set=E_L_F
  n=730 feat=487 AUROC=1.0000 F1=0.9123
Saved figure: outputs/figures/ablation_auroc.png
Saved figure: outputs/figures/ablation_auprc.png
Saved figure: outputs/figures/ablation_f1.png

=== Ablation Results ===
feature_set  n_samples  n_features    auroc       f1
          E        819         384 0.711188 0.541667
          L        819          65 0.706317 0.571429
          F        730          38 1.000000 0.931034
        E_L        819         449 0.725330 0.543689
        E_F        730         422 1.000000 0.912281
        L_F        730         103 1.000000 0.912281
      E_L_F        730         487 1.000000 0.912281

--- Key Comparisons ---
F vs E_L_F : 1.0000 vs 1.0000
E vs E_L   : 0.7112 vs 0.7253
E_L vs F   : 0.7253 vs 1.0000

[Horizon] experiment=text_only  feature_set=E_L  horizon=12
  n=819 AUROC=0.7253 F1=0.5437

[Horizon] experiment=h1  feature_set=E_L_F  horizon=1
  n=819 AUROC=0.8705 F1=0.6733

[Horizon] experiment=h3  feature_set=E_L_F  horizon=3
  n=788 AUROC=0.9528 F1=0.7865

[Horizon] experiment=h6  feature_set=E_L_F  horizon=6
  n=767 AUROC=0.9978 F1=0.9706

[Horizon] experiment=h12  feature_set=E_L_F  horizon=12
  n=730 AUROC=1.0000 F1=0.9123
Saved figure: outputs/figures/horizon_auroc.png
Saved figure: outputs/figures/horizon_auprc.png
Saved figure: outputs/figures/horizon_f1.png

=== Horizon Experiment Results ===
experiment_name  n_samples    auroc       f1
      text_only        819 0.725330 0.543689
             h1        819 0.870522 0.673267
             h3        788 0.952811 0.786517
             h6        767 0.997809 0.970588
            h12        730 1.000000 0.912281
/ceph_data/jhson0531/anaconda3/envs/aip_meme/lib/python3.9/site-packages/shap/explainers/_tree.py:586: UserWarning: LightGBM binary classifier with TreeExplainer shap values output has changed to a list of ndarray
  warnings.warn(
/ceph_data/jhson0531/meme_survival_project/src/experiments/feature_importance.py:111: FutureWarning: The NumPy global RNG was seeded by calling `np.random.seed`. In a future version this function will no longer use the global RNG. Pass `rng` explicitly to opt-in to the new behaviour and silence this warning.
  shap.summary_plot(shap_values, X_test, feature_names=feature_names,
/ceph_data/jhson0531/meme_survival_project/src/experiments/feature_importance.py:117: FutureWarning: The NumPy global RNG was seeded by calling `np.random.seed`. In a future version this function will no longer use the global RNG. Pass `rng` explicitly to opt-in to the new behaviour and silence this warning.
  shap.summary_plot(shap_values, X_test, feature_names=feature_names,
[Feature Importance] Training LightGBM (E_L_F)
  1. Built-in gain importance
Saved: outputs/importance/lgbm_gain_importance.csv
Saved figure: outputs/figures/lgbm_gain_importance_top30.png
  2. Permutation importance
Saved: outputs/importance/permutation_importance.csv
Saved figure: outputs/figures/permutation_importance_top30.png
  3. Group permutation importance
Saved: outputs/importance/group_permutation_importance.csv
Saved figure: outputs/figures/group_permutation_importance.png
  4. SHAP analysis
Saved: outputs/importance/shap_importance.csv
  SHAP saved.
[Feature Importance] Done.
Traceback (most recent call last):
  File "/ceph_data/jhson0531/meme_survival_project/scripts/06_run_distillation.py", line 42, in <module>
    df = run_distillation(cfg, out_dir=args.out_dir, feat_dir=args.feat_dir)
  File "/ceph_data/jhson0531/meme_survival_project/src/experiments/text_only_distillation.py", line 33, in run_distillation
    assert len(X_full) == len(X_text), "Sample counts must match for distillation"
AssertionError: Sample counts must match for distillation
