
[Model Comparison] Training: logistic_regression
  AUROC=0.9428  F1=0.7941

[Model Comparison] Training: random_forest
  AUROC=1.0000  F1=0.9310

[Model Comparison] Training: lightgbm
  AUROC=1.0000  F1=0.9123

[Model Comparison] Training: xgboost
Traceback (most recent call last):
  File "/ceph_data/jhson0531/meme_survival_project/scripts/02_run_model_comparison.py", line 39, in <module>
    df = run_model_comparison(cfg, out_dir=args.out_dir, feat_dir=args.feat_dir)
  File "/ceph_data/jhson0531/meme_survival_project/src/experiments/model_comparison.py", line 41, in run_model_comparison
    model = fit_model(model_name, model, X_train, y_train, X_val, y_val, cfg)
  File "/ceph_data/jhson0531/meme_survival_project/src/model_factory.py", line 40, in fit_model
    return train_xgb(model, X_train, y_train, X_val, y_val, cfg)
  File "/ceph_data/jhson0531/meme_survival_project/src/models/train_xgb.py", line 20, in train_xgb
    model.fit(
  File "/ceph_data/jhson0531/anaconda3/envs/aip_meme/lib/python3.9/site-packages/xgboost/core.py", line 726, in inner_f
    return func(**kwargs)
TypeError: fit() got an unexpected keyword argument 'early_stopping_rounds'

[Ablation] feature_set=E
  n=819 feat=384 AUROC=0.7112 F1=0.5417

[Ablation] feature_set=L
  n=819 feat=65 AUROC=0.7063 F1=0.5714

[Ablation] feature_set=F
  n=730 feat=38 AUROC=1.0000 F1=0.9310

[Ablation] feature_set=E_L
  n=819 feat=449 AUROC=0.7253 F1=0.5437

[Ablation] feature_set=E_F
  n=730 feat=422 AUROC=1.0000 F1=0.9123

[Ablation] feature_set=L_F
  n=730 feat=103 AUROC=1.0000 F1=0.9123

[Ablation] feature_set=E_L_F
  n=730 feat=487 AUROC=1.0000 F1=0.9123
Saved figure: outputs/figures/ablation_auroc.png
Saved figure: outputs/figures/ablation_auprc.png
Saved figure: outputs/figures/ablation_f1.png

=== Ablation Results ===
feature_set  n_samples  n_features    auroc       f1
          E        819         384 0.711188 0.541667
          L        819          65 0.706317 0.571429
          F        730          38 1.000000 0.931034
        E_L        819         449 0.725330 0.543689
        E_F        730         422 1.000000 0.912281
        L_F        730         103 1.000000 0.912281
      E_L_F        730         487 1.000000 0.912281

--- Key Comparisons ---
F vs E_L_F : 1.0000 vs 1.0000
E vs E_L   : 0.7112 vs 0.7253
E_L vs F   : 0.7253 vs 1.0000

[Horizon] experiment=text_only  feature_set=E_L  horizon=12
  n=819 AUROC=0.7253 F1=0.5437

[Horizon] experiment=h1  feature_set=E_L_F  horizon=1
  n=819 AUROC=0.8705 F1=0.6733

[Horizon] experiment=h3  feature_set=E_L_F  horizon=3
  n=788 AUROC=0.9528 F1=0.7865

[Horizon] experiment=h6  feature_set=E_L_F  horizon=6
  n=767 AUROC=0.9978 F1=0.9706

[Horizon] experiment=h12  feature_set=E_L_F  horizon=12
  n=730 AUROC=1.0000 F1=0.9123
Saved figure: outputs/figures/horizon_auroc.png
Saved figure: outputs/figures/horizon_auprc.png
Saved figure: outputs/figures/horizon_f1.png

=== Horizon Experiment Results ===
experiment_name  n_samples    auroc       f1
      text_only        819 0.725330 0.543689
             h1        819 0.870522 0.673267
             h3        788 0.952811 0.786517
             h6        767 0.997809 0.970588
            h12        730 1.000000 0.912281
slurmstepd: error: *** JOB 125977 ON moana-r5 CANCELLED AT 2026-05-26T23:01:51 ***
