
[Distillation] Training teacher: lightgbm
  Teacher AUROC=1.0000

[Distillation] Text-only baseline (E_L)
  Baseline AUROC=0.6844

[Distillation] Distilled student alpha=0.1
  alpha=0.1 AUROC=0.6803

[Distillation] Distilled student alpha=0.3
  alpha=0.3 AUROC=0.6884

[Distillation] Distilled student alpha=0.5
  alpha=0.5 AUROC=0.6697

[Distillation] Distilled student alpha=0.7
  alpha=0.7 AUROC=0.6844

[Distillation] Distilled student alpha=1.0
  alpha=1.0 AUROC=0.6909
Student model saved: outputs/models/best_distilled_student.pt

[Distillation] Summary:
             model  alpha    auroc       f1
      full_teacher    NaN 1.000000 0.912281
text_only_baseline    NaN 0.684361 0.522523
 distilled_student    0.1 0.680278 0.508772
 distilled_student    0.3 0.688444 0.535714
 distilled_student    0.5 0.669661 0.509091
 distilled_student    0.7 0.684361 0.508772
 distilled_student    1.0 0.690894 0.500000

=== Distillation Results ===
             model  alpha    auroc       f1
      full_teacher    NaN 1.000000 0.912281
text_only_baseline    NaN 0.684361 0.522523
 distilled_student    0.1 0.680278 0.508772
 distilled_student    0.3 0.688444 0.535714
 distilled_student    0.5 0.669661 0.509091
 distilled_student    0.7 0.684361 0.508772
 distilled_student    1.0 0.690894 0.500000
